Makefile:1127: warning: overriding recipe for target '/tools/stringify.exe'
Makefile:706: warning: ignoring old recipe for target '/tools/stringify.exe'
make[1]: Entering directory '/home/runner/work/Quake3e-subtick/Quake3e-subtick'
Makefile:1127: warning: overriding recipe for target 'build/release-linux-x86_64/tools/stringify.exe'
Makefile:706: warning: ignoring old recipe for target 'build/release-linux-x86_64/tools/stringify.exe'

Building quake3 in build/release-linux-x86_64:

  VERSION: #define Q3_VERSION            FTWGL
  PLATFORM: linux
  ARCH: x86_64
  COMPILE_PLATFORM: linux
  COMPILE_ARCH: x86_64
  CC: cc

  CFLAGS:
    -DUSE_CURL
    -DUSE_CURL_DLOPEN
    -DUSE_VULKAN_API
    -DUSE_AUTH
    -DUSE_URT_DEMO
    -MMD
    -DUSE_FTWGL
    -DUSE_SERVER_DEMO
    -Wall
    -Wimplicit
    -Wstrict-prototypes
    -pipe
    -Wno-unused-result
    -DUSE_ICON
    -I/usr/include
    -I/usr/local/include
    -I/usr/X11R6/include
    -DNDEBUG
    -O2
    -fvisibility=hidden

  Output:
    build/release-linux-x86_64/quake3e.ded.x64
    build/release-linux-x86_64/ftwgl-20211117.x64

make[2]: Entering directory '/home/runner/work/Quake3e-subtick/Quake3e-subtick'
Makefile:1127: warning: overriding recipe for target 'build/release-linux-x86_64/tools/stringify.exe'
Makefile:706: warning: ignoring old recipe for target 'build/release-linux-x86_64/tools/stringify.exe'
DED_CC code/server/sv_bot.c
DED_CC code/server/sv_client.c
DED_CC code/server/sv_ccmds.c
code/server/sv_ccmds.c: In function ‘SVD_StartDemoFile’:
code/server/sv_ccmds.c:1478:11: warning: assignment discards ‘const’ qualifier from pointer target type [-Wdiscarded-qualifiers]
 1478 |         s = Cvar_VariableString("g_modversion");
      |           ^
code/server/sv_ccmds.c: At top level:
code/server/sv_ccmds.c:1645:13: warning: ‘SV_NameServerDemo’ defined but not used [-Wunused-function]
 1645 | static void SV_NameServerDemo(char *filename, int length, const client_t *client, char *fn) {
      |             ^~~~~~~~~~~~~~~~~
code/server/sv_ccmds.c: In function ‘SV_StartRecordOne.part.0’:
code/server/sv_ccmds.c:1726:53: warning: ‘%02i’ directive writing between 2 and 11 bytes into a region of size between 0 and 50 [-Wformat-overflow=]
 1726 |         sprintf( demoName, "ftw-%s-%02i%02i%02i-%02i%02i%02i", client->name, t.tm_year-100, t.tm_mon+1, t.tm_mday, t.tm_hour, t.tm_min, t.tm_sec );
      |                                                     ^~~~
In file included from /usr/include/stdio.h:980,
                 from code/server/../qcommon/q_shared.h:139,
                 from code/server/server.h:24,
                 from code/server/sv_ccmds.c:23:
In function ‘sprintf’,
    inlined from ‘SV_StartRecordOne.part.0’ at code/server/sv_ccmds.c:1726:9:
/usr/include/x86_64-linux-gnu/bits/stdio2.h:30:10: note: ‘__builtin___sprintf_chk’ output between 19 and 104 bytes into a destination of size 64
   30 |   return __builtin___sprintf_chk (__s, __USE_FORTIFY_LEVEL - 1,
      |          ^~~~~~~~~~~~~~~~~~~~~~~~~~~~~~~~~~~~~~~~~~~~~~~~~~~~~~
   31 |                                   __glibc_objsize (__s), __fmt,
      |                                   ~~~~~~~~~~~~~~~~~~~~~~~~~~~~~
   32 |                                   __va_arg_pack ());
      |                                   ~~~~~~~~~~~~~~~~~
DED_CC code/server/sv_filter.c
DED_CC code/server/sv_antilag.c
DED_CC code/server/sv_game.c
DED_CC code/server/sv_init.c
DED_CC code/server/sv_main.c
code/server/sv_main.c:875:17: warning: ‘redirectAddress’ defined but not used [-Wunused-variable]
  875 | static netadr_t redirectAddress; // for rcon return messages
      |                 ^~~~~~~~~~~~~~~
DED_CC code/server/sv_net_chan.c
DED_CC code/server/sv_snapshot.c
DED_CC code/server/sv_world.c
DED_CC code/qcommon/cm_load.c
DED_CC code/qcommon/cm_patch.c
DED_CC code/qcommon/cm_polylib.c
DED_CC code/qcommon/cm_test.c
DED_CC code/qcommon/cm_trace.c
DED_CC code/qcommon/cmd.c
DED_CC code/qcommon/common.c
DED_CC code/qcommon/cvar.c
DED_CC code/qcommon/files.c
code/qcommon/files.c:4856:13: warning: ‘FS_PrintSearchPaths’ defined but not used [-Wunused-function]
 4856 | static void FS_PrintSearchPaths( void )
      |             ^~~~~~~~~~~~~~~~~~~
code/qcommon/files.c:202:23: warning: ‘pak_checksums’ defined but not used [-Wunused-const-variable=]
  202 | static const unsigned pak_checksums[] = {
      |                       ^~~~~~~~~~~~~
DED_CC code/qcommon/history.c
DED_CC code/qcommon/keys.c
DED_CC code/qcommon/md4.c
DED_CC code/qcommon/md5.c
DED_CC code/qcommon/msg.c
DED_CC code/qcommon/net_chan.c
DED_CC code/qcommon/net_ip.c
DED_CC code/qcommon/huffman.c
DED_CC code/qcommon/huffman_static.c
DED_CC code/qcommon/q_math.c
DED_CC code/qcommon/q_shared.c
DED_CC code/qcommon/unzip.c
DED_CC code/qcommon/vm.c
DED_CC code/qcommon/vm_interpreted.c
BOT_CC code/botlib/be_aas_bspq3.c
BOT_CC code/botlib/be_aas_cluster.c
BOT_CC code/botlib/be_aas_debug.c
BOT_CC code/botlib/be_aas_entity.c
BOT_CC code/botlib/be_aas_file.c
BOT_CC code/botlib/be_aas_main.c
BOT_CC code/botlib/be_aas_move.c
BOT_CC code/botlib/be_aas_optimize.c
BOT_CC code/botlib/be_aas_reach.c
BOT_CC code/botlib/be_aas_route.c
BOT_CC code/botlib/be_aas_routealt.c
BOT_CC code/botlib/be_aas_sample.c
BOT_CC code/botlib/be_ai_char.c
BOT_CC code/botlib/be_ai_chat.c
BOT_CC code/botlib/be_ai_gen.c
BOT_CC code/botlib/be_ai_goal.c
BOT_CC code/botlib/be_ai_move.c
BOT_CC code/botlib/be_ai_weap.c
BOT_CC code/botlib/be_ai_weight.c
BOT_CC code/botlib/be_ea.c
BOT_CC code/botlib/be_interface.c
BOT_CC code/botlib/l_crc.c
BOT_CC code/botlib/l_libvar.c
BOT_CC code/botlib/l_log.c
BOT_CC code/botlib/l_memory.c
BOT_CC code/botlib/l_precomp.c
BOT_CC code/botlib/l_script.c
BOT_CC code/botlib/l_struct.c
DED_CC code/unix/linux_signals.c
DED_CC code/unix/unix_main.c
DED_CC code/unix/unix_shared.c
DED_CC code/qcommon/vm_x86.c
LD build/release-linux-x86_64/quake3e.ded.x64
CC code/client/cl_cgame.c
In file included from code/client/client.h:35,
                 from code/client/cl_cgame.c:24:
code/client/cl_curl.h:44:12: fatal error: curl/curl.h: No such file or directory
   44 |   #include <curl/curl.h>
      |            ^~~~~~~~~~~~~
compilation terminated.
make[2]: *** [Makefile:1250: build/release-linux-x86_64/client/cl_cgame.o] Error 1
make[2]: Leaving directory '/home/runner/work/Quake3e-subtick/Quake3e-subtick'
make[1]: *** [Makefile:672: targets] Error 2
make[1]: Leaving directory '/home/runner/work/Quake3e-subtick/Quake3e-subtick'
make: *** [Makefile:630: release] Error 2
